  Determining projects to restore...
  All projects are up-to-date for restore.
C:\Program Files\dotnet\sdk\8.0.414\Microsoft.Common.CurrentVersion.targets(5321,5): warning MSB3026: Could not copy "C:\Users\floor\Documents\coding\skyblock\SkyFlipperSolo\obj\Debug\net8.0\apphost.exe" to "bin\Debug\net8.0\SkyFlipperSolo.exe". Beginning retry 1 in 1000ms. The process cannot access the file 'C:\Users\floor\Documents\coding\skyblock\SkyFlipperSolo\bin\Debug\net8.0\SkyFlipperSolo.exe' because it is being used by another process. The file is locked by: "SkyFlipperSolo (12884)" [C:\Users\floor\Documents\coding\skyblock\SkyFlipperSolo\SkyFlipperSolo.csproj]
C:\Program Files\dotnet\sdk\8.0.414\Microsoft.Common.CurrentVersion.targets(5321,5): warning MSB3026: Could not copy "C:\Users\floor\Documents\coding\skyblock\SkyFlipperSolo\obj\Debug\net8.0\apphost.exe" to "bin\Debug\net8.0\SkyFlipperSolo.exe". Beginning retry 2 in 1000ms. The process cannot access the file 'C:\Users\floor\Documents\coding\skyblock\SkyFlipperSolo\bin\Debug\net8.0\SkyFlipperSolo.exe' because it is being used by another process. The file is locked by: "SkyFlipperSolo (12884)" [C:\Users\floor\Documents\coding\skyblock\SkyFlipperSolo\SkyFlipperSolo.csproj]
C:\Program Files\dotnet\sdk\8.0.414\Microsoft.Common.CurrentVersion.targets(5321,5): warning MSB3026: Could not copy "C:\Users\floor\Documents\coding\skyblock\SkyFlipperSolo\obj\Debug\net8.0\apphost.exe" to "bin\Debug\net8.0\SkyFlipperSolo.exe". Beginning retry 3 in 1000ms. The process cannot access the file 'C:\Users\floor\Documents\coding\skyblock\SkyFlipperSolo\bin\Debug\net8.0\SkyFlipperSolo.exe' because it is being used by another process. The file is locked by: "SkyFlipperSolo (12884)" [C:\Users\floor\Documents\coding\skyblock\SkyFlipperSolo\SkyFlipperSolo.csproj]
C:\Program Files\dotnet\sdk\8.0.414\Microsoft.Common.CurrentVersion.targets(5321,5): warning MSB3026: Could not copy "C:\Users\floor\Documents\coding\skyblock\SkyFlipperSolo\obj\Debug\net8.0\apphost.exe" to "bin\Debug\net8.0\SkyFlipperSolo.exe". Beginning retry 4 in 1000ms. The process cannot access the file 'C:\Users\floor\Documents\coding\skyblock\SkyFlipperSolo\bin\Debug\net8.0\SkyFlipperSolo.exe' because it is being used by another process. The file is locked by: "SkyFlipperSolo (12884)" [C:\Users\floor\Documents\coding\skyblock\SkyFlipperSolo\SkyFlipperSolo.csproj]
C:\Program Files\dotnet\sdk\8.0.414\Microsoft.Common.CurrentVersion.targets(5321,5): warning MSB3026: Could not copy "C:\Users\floor\Documents\coding\skyblock\SkyFlipperSolo\obj\Debug\net8.0\apphost.exe" to "bin\Debug\net8.0\SkyFlipperSolo.exe". Beginning retry 5 in 1000ms. The process cannot access the file 'C:\Users\floor\Documents\coding\skyblock\SkyFlipperSolo\bin\Debug\net8.0\SkyFlipperSolo.exe' because it is being used by another process. The file is locked by: "SkyFlipperSolo (12884)" [C:\Users\floor\Documents\coding\skyblock\SkyFlipperSolo\SkyFlipperSolo.csproj]
C:\Program Files\dotnet\sdk\8.0.414\Microsoft.Common.CurrentVersion.targets(5321,5): warning MSB3026: Could not copy "C:\Users\floor\Documents\coding\skyblock\SkyFlipperSolo\obj\Debug\net8.0\apphost.exe" to "bin\Debug\net8.0\SkyFlipperSolo.exe". Beginning retry 6 in 1000ms. The process cannot access the file 'C:\Users\floor\Documents\coding\skyblock\SkyFlipperSolo\bin\Debug\net8.0\SkyFlipperSolo.exe' because it is being used by another process. The file is locked by: "SkyFlipperSolo (12884)" [C:\Users\floor\Documents\coding\skyblock\SkyFlipperSolo\SkyFlipperSolo.csproj]
C:\Program Files\dotnet\sdk\8.0.414\Microsoft.Common.CurrentVersion.targets(5321,5): warning MSB3026: Could not copy "C:\Users\floor\Documents\coding\skyblock\SkyFlipperSolo\obj\Debug\net8.0\apphost.exe" to "bin\Debug\net8.0\SkyFlipperSolo.exe". Beginning retry 7 in 1000ms. The process cannot access the file 'C:\Users\floor\Documents\coding\skyblock\SkyFlipperSolo\bin\Debug\net8.0\SkyFlipperSolo.exe' because it is being used by another process. The file is locked by: "SkyFlipperSolo (12884)" [C:\Users\floor\Documents\coding\skyblock\SkyFlipperSolo\SkyFlipperSolo.csproj]
C:\Program Files\dotnet\sdk\8.0.414\Microsoft.Common.CurrentVersion.targets(5321,5): warning MSB3026: Could not copy "C:\Users\floor\Documents\coding\skyblock\SkyFlipperSolo\obj\Debug\net8.0\apphost.exe" to "bin\Debug\net8.0\SkyFlipperSolo.exe". Beginning retry 8 in 1000ms. The process cannot access the file 'C:\Users\floor\Documents\coding\skyblock\SkyFlipperSolo\bin\Debug\net8.0\SkyFlipperSolo.exe' because it is being used by another process. The file is locked by: "SkyFlipperSolo (12884)" [C:\Users\floor\Documents\coding\skyblock\SkyFlipperSolo\SkyFlipperSolo.csproj]
C:\Program Files\dotnet\sdk\8.0.414\Microsoft.Common.CurrentVersion.targets(5321,5): warning MSB3026: Could not copy "C:\Users\floor\Documents\coding\skyblock\SkyFlipperSolo\obj\Debug\net8.0\apphost.exe" to "bin\Debug\net8.0\SkyFlipperSolo.exe". Beginning retry 9 in 1000ms. The process cannot access the file 'C:\Users\floor\Documents\coding\skyblock\SkyFlipperSolo\bin\Debug\net8.0\SkyFlipperSolo.exe' because it is being used by another process. The file is locked by: "SkyFlipperSolo (12884)" [C:\Users\floor\Documents\coding\skyblock\SkyFlipperSolo\SkyFlipperSolo.csproj]
C:\Program Files\dotnet\sdk\8.0.414\Microsoft.Common.CurrentVersion.targets(5321,5): warning MSB3026: Could not copy "C:\Users\floor\Documents\coding\skyblock\SkyFlipperSolo\obj\Debug\net8.0\apphost.exe" to "bin\Debug\net8.0\SkyFlipperSolo.exe". Beginning retry 10 in 1000ms. The process cannot access the file 'C:\Users\floor\Documents\coding\skyblock\SkyFlipperSolo\bin\Debug\net8.0\SkyFlipperSolo.exe' because it is being used by another process. The file is locked by: "SkyFlipperSolo (12884)" [C:\Users\floor\Documents\coding\skyblock\SkyFlipperSolo\SkyFlipperSolo.csproj]
C:\Program Files\dotnet\sdk\8.0.414\Microsoft.Common.CurrentVersion.targets(5321,5): error MSB3027: Could not copy "C:\Users\floor\Documents\coding\skyblock\SkyFlipperSolo\obj\Debug\net8.0\apphost.exe" to "bin\Debug\net8.0\SkyFlipperSolo.exe". Exceeded retry count of 10. Failed. The file is locked by: "SkyFlipperSolo (12884)" [C:\Users\floor\Documents\coding\skyblock\SkyFlipperSolo\SkyFlipperSolo.csproj]
C:\Program Files\dotnet\sdk\8.0.414\Microsoft.Common.CurrentVersion.targets(5321,5): error MSB3021: Unable to copy file "C:\Users\floor\Documents\coding\skyblock\SkyFlipperSolo\obj\Debug\net8.0\apphost.exe" to "bin\Debug\net8.0\SkyFlipperSolo.exe". The process cannot access the file 'C:\Users\floor\Documents\coding\skyblock\SkyFlipperSolo\bin\Debug\net8.0\SkyFlipperSolo.exe' because it is being used by another process. [C:\Users\floor\Documents\coding\skyblock\SkyFlipperSolo\SkyFlipperSolo.csproj]

Build FAILED.

C:\Program Files\dotnet\sdk\8.0.414\Microsoft.Common.CurrentVersion.targets(5321,5): warning MSB3026: Could not copy "C:\Users\floor\Documents\coding\skyblock\SkyFlipperSolo\obj\Debug\net8.0\apphost.exe" to "bin\Debug\net8.0\SkyFlipperSolo.exe". Beginning retry 1 in 1000ms. The process cannot access the file 'C:\Users\floor\Documents\coding\skyblock\SkyFlipperSolo\bin\Debug\net8.0\SkyFlipperSolo.exe' because it is being used by another process. The file is locked by: "SkyFlipperSolo (12884)" [C:\Users\floor\Documents\coding\skyblock\SkyFlipperSolo\SkyFlipperSolo.csproj]
C:\Program Files\dotnet\sdk\8.0.414\Microsoft.Common.CurrentVersion.targets(5321,5): warning MSB3026: Could not copy "C:\Users\floor\Documents\coding\skyblock\SkyFlipperSolo\obj\Debug\net8.0\apphost.exe" to "bin\Debug\net8.0\SkyFlipperSolo.exe". Beginning retry 2 in 1000ms. The process cannot access the file 'C:\Users\floor\Documents\coding\skyblock\SkyFlipperSolo\bin\Debug\net8.0\SkyFlipperSolo.exe' because it is being used by another process. The file is locked by: "SkyFlipperSolo (12884)" [C:\Users\floor\Documents\coding\skyblock\SkyFlipperSolo\SkyFlipperSolo.csproj]
C:\Program Files\dotnet\sdk\8.0.414\Microsoft.Common.CurrentVersion.targets(5321,5): warning MSB3026: Could not copy "C:\Users\floor\Documents\coding\skyblock\SkyFlipperSolo\obj\Debug\net8.0\apphost.exe" to "bin\Debug\net8.0\SkyFlipperSolo.exe". Beginning retry 3 in 1000ms. The process cannot access the file 'C:\Users\floor\Documents\coding\skyblock\SkyFlipperSolo\bin\Debug\net8.0\SkyFlipperSolo.exe' because it is being used by another process. The file is locked by: "SkyFlipperSolo (12884)" [C:\Users\floor\Documents\coding\skyblock\SkyFlipperSolo\SkyFlipperSolo.csproj]
C:\Program Files\dotnet\sdk\8.0.414\Microsoft.Common.CurrentVersion.targets(5321,5): warning MSB3026: Could not copy "C:\Users\floor\Documents\coding\skyblock\SkyFlipperSolo\obj\Debug\net8.0\apphost.exe" to "bin\Debug\net8.0\SkyFlipperSolo.exe". Beginning retry 4 in 1000ms. The process cannot access the file 'C:\Users\floor\Documents\coding\skyblock\SkyFlipperSolo\bin\Debug\net8.0\SkyFlipperSolo.exe' because it is being used by another process. The file is locked by: "SkyFlipperSolo (12884)" [C:\Users\floor\Documents\coding\skyblock\SkyFlipperSolo\SkyFlipperSolo.csproj]
C:\Program Files\dotnet\sdk\8.0.414\Microsoft.Common.CurrentVersion.targets(5321,5): warning MSB3026: Could not copy "C:\Users\floor\Documents\coding\skyblock\SkyFlipperSolo\obj\Debug\net8.0\apphost.exe" to "bin\Debug\net8.0\SkyFlipperSolo.exe". Beginning retry 5 in 1000ms. The process cannot access the file 'C:\Users\floor\Documents\coding\skyblock\SkyFlipperSolo\bin\Debug\net8.0\SkyFlipperSolo.exe' because it is being used by another process. The file is locked by: "SkyFlipperSolo (12884)" [C:\Users\floor\Documents\coding\skyblock\SkyFlipperSolo\SkyFlipperSolo.csproj]
C:\Program Files\dotnet\sdk\8.0.414\Microsoft.Common.CurrentVersion.targets(5321,5): warning MSB3026: Could not copy "C:\Users\floor\Documents\coding\skyblock\SkyFlipperSolo\obj\Debug\net8.0\apphost.exe" to "bin\Debug\net8.0\SkyFlipperSolo.exe". Beginning retry 6 in 1000ms. The process cannot access the file 'C:\Users\floor\Documents\coding\skyblock\SkyFlipperSolo\bin\Debug\net8.0\SkyFlipperSolo.exe' because it is being used by another process. The file is locked by: "SkyFlipperSolo (12884)" [C:\Users\floor\Documents\coding\skyblock\SkyFlipperSolo\SkyFlipperSolo.csproj]
C:\Program Files\dotnet\sdk\8.0.414\Microsoft.Common.CurrentVersion.targets(5321,5): warning MSB3026: Could not copy "C:\Users\floor\Documents\coding\skyblock\SkyFlipperSolo\obj\Debug\net8.0\apphost.exe" to "bin\Debug\net8.0\SkyFlipperSolo.exe". Beginning retry 7 in 1000ms. The process cannot access the file 'C:\Users\floor\Documents\coding\skyblock\SkyFlipperSolo\bin\Debug\net8.0\SkyFlipperSolo.exe' because it is being used by another process. The file is locked by: "SkyFlipperSolo (12884)" [C:\Users\floor\Documents\coding\skyblock\SkyFlipperSolo\SkyFlipperSolo.csproj]
C:\Program Files\dotnet\sdk\8.0.414\Microsoft.Common.CurrentVersion.targets(5321,5): warning MSB3026: Could not copy "C:\Users\floor\Documents\coding\skyblock\SkyFlipperSolo\obj\Debug\net8.0\apphost.exe" to "bin\Debug\net8.0\SkyFlipperSolo.exe". Beginning retry 8 in 1000ms. The process cannot access the file 'C:\Users\floor\Documents\coding\skyblock\SkyFlipperSolo\bin\Debug\net8.0\SkyFlipperSolo.exe' because it is being used by another process. The file is locked by: "SkyFlipperSolo (12884)" [C:\Users\floor\Documents\coding\skyblock\SkyFlipperSolo\SkyFlipperSolo.csproj]
C:\Program Files\dotnet\sdk\8.0.414\Microsoft.Common.CurrentVersion.targets(5321,5): warning MSB3026: Could not copy "C:\Users\floor\Documents\coding\skyblock\SkyFlipperSolo\obj\Debug\net8.0\apphost.exe" to "bin\Debug\net8.0\SkyFlipperSolo.exe". Beginning retry 9 in 1000ms. The process cannot access the file 'C:\Users\floor\Documents\coding\skyblock\SkyFlipperSolo\bin\Debug\net8.0\SkyFlipperSolo.exe' because it is being used by another process. The file is locked by: "SkyFlipperSolo (12884)" [C:\Users\floor\Documents\coding\skyblock\SkyFlipperSolo\SkyFlipperSolo.csproj]
C:\Program Files\dotnet\sdk\8.0.414\Microsoft.Common.CurrentVersion.targets(5321,5): warning MSB3026: Could not copy "C:\Users\floor\Documents\coding\skyblock\SkyFlipperSolo\obj\Debug\net8.0\apphost.exe" to "bin\Debug\net8.0\SkyFlipperSolo.exe". Beginning retry 10 in 1000ms. The process cannot access the file 'C:\Users\floor\Documents\coding\skyblock\SkyFlipperSolo\bin\Debug\net8.0\SkyFlipperSolo.exe' because it is being used by another process. The file is locked by: "SkyFlipperSolo (12884)" [C:\Users\floor\Documents\coding\skyblock\SkyFlipperSolo\SkyFlipperSolo.csproj]
C:\Program Files\dotnet\sdk\8.0.414\Microsoft.Common.CurrentVersion.targets(5321,5): error MSB3027: Could not copy "C:\Users\floor\Documents\coding\skyblock\SkyFlipperSolo\obj\Debug\net8.0\apphost.exe" to "bin\Debug\net8.0\SkyFlipperSolo.exe". Exceeded retry count of 10. Failed. The file is locked by: "SkyFlipperSolo (12884)" [C:\Users\floor\Documents\coding\skyblock\SkyFlipperSolo\SkyFlipperSolo.csproj]
C:\Program Files\dotnet\sdk\8.0.414\Microsoft.Common.CurrentVersion.targets(5321,5): error MSB3021: Unable to copy file "C:\Users\floor\Documents\coding\skyblock\SkyFlipperSolo\obj\Debug\net8.0\apphost.exe" to "bin\Debug\net8.0\SkyFlipperSolo.exe". The process cannot access the file 'C:\Users\floor\Documents\coding\skyblock\SkyFlipperSolo\bin\Debug\net8.0\SkyFlipperSolo.exe' because it is being used by another process. [C:\Users\floor\Documents\coding\skyblock\SkyFlipperSolo\SkyFlipperSolo.csproj]
    10 Warning(s)
    2 Error(s)

Time Elapsed 00:00:12.27
